<html>
<body>
<pre>
<h1>µVision Build Log</h1>
<h2>Tool Versions:</h2>
IDE-Version: ¦ÌVision V5.39.0.0
Copyright (C) 2023 ARM Ltd and ARM Germany GmbH. All rights reserved.
License Information: ddf CANCER_CMP, df, LIC=YA39H-W2N1N-KPTZY-I0JJZ-JFC8Q-LWI0B
 
Tool Versions:
Toolchain:       MDK-ARM Plus  Version: 5.39.0.0
Toolchain Path:  C:\Keil_v5\ARM\ARMCLANG\Bin
C Compiler:      ArmClang.exe V6.21
Assembler:       Armasm.exe V6.21
Linker/Locator:  ArmLink.exe V6.21
Library Manager: ArmAr.exe V6.21
Hex Converter:   FromElf.exe V6.21
CPU DLL:         SARMCM3.DLL V5.39.0.0
Dialog DLL:      DCM.DLL V1.17.5.0
Target DLL:      Segger\JL2CM3.dll V2.99.43.0
Dialog DLL:      TCM.DLL V1.56.4.0
 
<h2>Project:</h2>
F:\MCUProgram\STM32_ON_VSC\on_G474\single_pfc\MDK-ARM\single_pfc.uvprojx
Project File Date:  04/09/2025

<h2>Output:</h2>
*** Using Compiler 'V6.21', folder: 'C:\Keil_v5\ARM\ARMCLANG\Bin'
Rebuild target 'single_pfc'
compiling dma.c...
compiling stm32g4xx_hal_adc_ex.c...
compiling gpio.c...
compiling stm32g4xx_it.c...
compiling stm32g4xx_hal_msp.c...
compiling adc.c...
compiling stm32g4xx_hal_flash_ramfunc.c...
../Core/Src/main.c(29): warning: In file included from...
../project\task.h(16): warning: In file included from...
../lib\SPWM.h(6): warning: In file included from...
../Middlewares/ST/ARM/DSP/Inc\arm_math.h(541): warning: redefinition of typedef 'float32_t' is a C11 feature [-Wtypedef-redefinition]
  541 |   typedef float float32_t;
      |                 ^
../lib\power_meas_sine_analyzer.h(54): note: previous definition is here
   54 | typedef float         float32_t;
      |                       ^
1 warning generated.
compiling main.c...
compiling stm32g4xx_ll_adc.c...
compiling tim.c...
compiling hrtim.c...
compiling stm32g4xx_hal.c...
compiling stm32g4xx_hal_rcc.c...
compiling stm32g4xx_hal_adc.c...
compiling stm32g4xx_hal_rcc_ex.c...
assembling startup_stm32g474xx.s...
compiling stm32g4xx_hal_flash.c...
compiling stm32g4xx_hal_gpio.c...
compiling stm32g4xx_hal_flash_ex.c...
compiling stm32g4xx_hal_exti.c...
compiling stm32g4xx_hal_dma_ex.c...
compiling stm32g4xx_hal_dma.c...
compiling stm32g4xx_hal_pwr.c...
compiling stm32g4xx_hal_cortex.c...
compiling stm32g4xx_hal_pwr_ex.c...
compiling system_stm32g4xx.c...
../project/task.c(1): warning: In file included from...
../project/task.h(16): warning: In file included from...
../lib\SPWM.h(6): warning: In file included from...
../Middlewares/ST/ARM/DSP/Inc\arm_math.h(541): warning: redefinition of typedef 'float32_t' is a C11 feature [-Wtypedef-redefinition]
  541 |   typedef float float32_t;
      |                 ^
../lib\power_meas_sine_analyzer.h(54): note: previous definition is here
   54 | typedef float         float32_t;
      |                       ^
1 warning generated.
compiling task.c...
compiling power_meas_sine_analyzer.c...
compiling stm32g4xx_hal_tim_ex.c...
compiling PID.c...
../lib/SPWM.c(1): warning: In file included from...
../lib/SPWM.h(6): warning: In file included from...
../Middlewares/ST/ARM/DSP/Inc\arm_math.h(541): warning: redefinition of typedef 'float32_t' is a C11 feature [-Wtypedef-redefinition]
  541 |   typedef float float32_t;
      |                 ^
../lib\power_meas_sine_analyzer.h(54): note: previous definition is here
   54 | typedef float         float32_t;
      |                       ^
1 warning generated.
compiling SPWM.c...
compiling stm32g4xx_hal_tim.c...
../lib/single_pfc.c(1): warning: In file included from...
../lib/single_pfc.h(7): warning: In file included from...
../lib/SPWM.h(6): warning: In file included from...
../Middlewares/ST/ARM/DSP/Inc\arm_math.h(541): warning: redefinition of typedef 'float32_t' is a C11 feature [-Wtypedef-redefinition]
  541 |   typedef float float32_t;
      |                 ^
../lib\power_meas_sine_analyzer.h(54): note: previous definition is here
   54 | typedef float         float32_t;
      |                       ^
1 warning generated.
compiling single_pfc.c...
compiling stm32g4xx_hal_hrtim.c...
linking...
Program Size: Code=15264 RO-data=548 RW-data=12 ZI-data=2180  
FromELF: creating hex file...
"single_pfc\single_pfc.axf" - 0 Error(s), 4 Warning(s).

<h2>Software Packages used:</h2>

Package Vendor: ARM
                http://www.keil.com/pack/ARM.CMSIS.5.9.0.pack
                ARM::CMSIS@5.9.0
                CMSIS (Common Microcontroller Software Interface Standard)
   * Component: CORE Version: 5.6.0

Package Vendor: Keil
                https://www.keil.com/pack/Keil.STM32G4xx_DFP.1.5.0.pack
                Keil::STM32G4xx_DFP@1.5.0
                STMicroelectronics STM32G4 Series Device Support, Drivers and Examples

<h2>Collection of Component include folders:</h2>
  ./RTE/_single_pfc
  C:/Keil_v5/ARM/PACK/ARM/CMSIS/5.9.0/CMSIS/Core/Include
  C:/Keil_v5/ARM/PACK/Keil/STM32G4xx_DFP/1.5.0/Drivers/CMSIS/Device/ST/STM32G4xx/Include

<h2>Collection of Component Files used:</h2>

   * Component: ARM::CMSIS:CORE@5.6.0
      Include file:  CMSIS/Core/Include/tz_context.h
Build Time Elapsed:  00:00:05
</pre>
</body>
</html>
